[18:54:07] [ServerMain/INFO]: [bootstrap] Running Java 25 (OpenJDK 64-Bit Server VM 25.0.3+9-2-24.04.2-Ubuntu; Ubuntu null) on Linux 6.8.0-1052-azure (amd64)
[18:54:07] [ServerMain/INFO]: [bootstrap] Loading Paper 26.1.2-60-main@b4682bf (2026-05-04T06:25:04Z) for Minecraft 26.1.2
[18:54:07] [ServerMain/INFO]: [PluginInitializerManager] Initializing plugins...
[18:54:07] [ServerMain/INFO]: [PluginInitializerManager] Initialized 6 plugins
[18:54:07] [ServerMain/INFO]: [PluginInitializerManager] Bukkit plugins (6):
 - CleanPing (1.7.1), ClearLag (3.2.2), Headstones (1.0.0), MemoryLeakFix (1.0), SkinsRestorer (15.12.5), ViaVersion (5.11.0)
[18:54:12] [ServerMain/INFO]: Environment: Environment[sessionHost=https://sessionserver.mojang.com, servicesHost=https://api.minecraftservices.com, profilesHost=https://api.mojang.com, name=PROD]
[18:54:14] [ServerMain/INFO]: Loaded 1515 recipes
[18:54:14] [ServerMain/INFO]: Loaded 1617 advancements
[18:54:14] [ServerMain/INFO]: [ca.spottedleaf.dataconverter.minecraft.datatypes.MCTypeRegistry] Initialising converters for DataConverter...
[18:54:14] [ServerMain/INFO]: [ca.spottedleaf.dataconverter.minecraft.datatypes.MCTypeRegistry] Finished initialising converters for DataConverter in 409.3ms
[18:54:14] [Server thread/INFO]: Starting minecraft server version 26.1.2
[18:54:14] [Server thread/INFO]: Loading properties
[18:54:15] [Server thread/INFO]: This server is running Paper version 26.1.2-60-main@b4682bf (2026-05-04T06:25:04Z) (Implementing API version 26.1.2.build.60-stable)
[18:54:15] [Server thread/INFO]: [spark] This server bundles the spark profiler. For more information please visit https://docs.papermc.io/paper/profiling
[18:54:15] [Server thread/INFO]: Server Ping Player Sample Count: 12
[18:54:15] [Server thread/INFO]: Using 4 threads for Netty based IO
[18:54:16] [Server thread/INFO]: [MoonriseCommon] Paper is using 1 worker threads, 1 I/O threads
[18:54:16] [Server thread/INFO]: Default game type: SURVIVAL
[18:54:16] [Server thread/INFO]: Generating keypair
[18:54:16] [Server thread/INFO]: Starting Minecraft server on *:25565
[18:54:16] [Server thread/INFO]: Paper: Using libdeflate (Linux x86_64) compression from Velocity.
[18:54:16] [Server thread/INFO]: Paper: Using OpenSSL 3.x.x (Linux x86_64) cipher from Velocity.
[18:54:16] [Server thread/INFO]: [ViaVersion] Loading server plugin ViaVersion v5.11.0
[18:54:16] [Server thread/INFO]: [ViaVersion] ViaVersion 5.11.0 is now loaded. Registering protocol transformers and injecting...
[18:54:17] [Server thread/INFO]: [SkinsRestorer] Loading server plugin SkinsRestorer v15.12.5
[18:54:17] [Server thread/INFO]: [ClearLag] Loading server plugin ClearLag v3.2.2
[18:54:17] [Server thread/INFO]: [CleanPing] Loading server plugin CleanPing v1.7.1
[18:54:17] [Server thread/INFO]: [MemoryLeakFix] Loading server plugin MemoryLeakFix v1.0
[18:54:17] [Server thread/INFO]: [Headstones] Loading server plugin Headstones v1.0.0
[18:54:17] [Server thread/INFO]: Server permissions file permissions.yml is empty, ignoring it
[18:54:17] [Server thread/INFO]: [SkinsRestorer] Enabling SkinsRestorer v15.12.5
[18:54:18] [Server thread/INFO]: [SkinsRestorer] Running on Minecraft 26.1.2.
[18:54:18] [Server thread/INFO]: [SkinsRestorer] Using paper join listener!
[18:54:18] [Server thread/WARN]: **** SERVER IS RUNNING IN OFFLINE/INSECURE MODE!
[18:54:18] [Server thread/WARN]: The server will make no attempt to authenticate usernames. Beware.
[18:54:18] [Server thread/WARN]: While this makes the game possible to play without internet access, it also opens up the ability for hackers to connect with any username they choose.
[18:54:18] [Server thread/WARN]: To change this, set "online-mode" to "true" in the server.properties file.
[18:54:18] [Server thread/INFO]: Preparing level "world"
[18:54:18] [Folia Async Scheduler Thread #1/INFO]: [SkinsRestorer] ----------------------------------------------
[18:54:18] [Folia Async Scheduler Thread #1/INFO]: [SkinsRestorer]     +===================+
[18:54:18] [Folia Async Scheduler Thread #1/INFO]: [SkinsRestorer]     |   SkinsRestorer   |
[18:54:18] [Folia Async Scheduler Thread #1/INFO]: [SkinsRestorer]     |-------------------|
[18:54:18] [Folia Async Scheduler Thread #1/INFO]: [SkinsRestorer]     |  Standalone Mode  |
[18:54:18] [Folia Async Scheduler Thread #1/INFO]: [SkinsRestorer]     +===================+
[18:54:18] [Folia Async Scheduler Thread #1/INFO]: [SkinsRestorer] ----------------------------------------------
[18:54:18] [Folia Async Scheduler Thread #1/INFO]: [SkinsRestorer]     Version: 15.12.5
[18:54:18] [Folia Async Scheduler Thread #1/INFO]: [SkinsRestorer]     Commit: 98b9488
[18:54:18] [Folia Async Scheduler Thread #1/INFO]: [SkinsRestorer]     This is the latest version!
[18:54:18] [Folia Async Scheduler Thread #1/INFO]: [SkinsRestorer] ----------------------------------------------
[18:54:18] [Folia Async Scheduler Thread #1/INFO]: [SkinsRestorer] Do you have issues? Read our troubleshooting guide: https://skinsrestorer.net/docs/troubleshooting
[18:54:18] [Folia Async Scheduler Thread #1/INFO]: [SkinsRestorer] Want to support SkinsRestorer or receive priority support? Become a supporter: https://skinsrestorer.net/pricing
[18:54:19] [Server thread/INFO]: Loading 0 persistent chunks for level 'minecraft:overworld'...
[18:54:19] [Server thread/INFO]: Prepared spawn area in 3 ms
[18:54:19] [Server thread/INFO]: Loading 0 persistent chunks for level 'minecraft:the_nether'...
[18:54:19] [Server thread/INFO]: Preparing spawn area: 100%
[18:54:19] [Server thread/INFO]: Prepared spawn area in 4 ms
[18:54:19] [Server thread/INFO]: Loading 0 persistent chunks for level 'minecraft:the_end'...
[18:54:19] [Server thread/INFO]: Prepared spawn area in 0 ms
[18:54:19] [Server thread/INFO]: Done preparing level "world" (0.555s)
[18:54:19] [Server thread/INFO]: [ViaVersion] Enabling ViaVersion v5.11.0
[18:54:19] [Server thread/INFO]: [ViaVersion] ViaVersion detected server version: 26.1-26.1.2 (775)
[18:54:19] [Server thread/INFO]: [ClearLag] Enabling ClearLag v3.2.2
[18:54:19] [Server thread/INFO]: [ClearLag] Using version-adapter: LatestVersionAdapter
[18:54:19] [Server thread/INFO]: [ClearLag] Loading modules...
[18:54:19] [Server thread/WARN]: [ClearLag] Clearlag failed to use the internal TPS tracker during initialization. Reverted to estimation... (Index 3 out of bounds for length 3)
[18:54:19] [Server thread/INFO]: [ClearLag] Modules enabed, loading config values
[18:54:19] [Server thread/INFO]: [ClearLag] Modules have been loaded!
[18:54:19] [Server thread/INFO]: [ClearLag] Clearlag is now enabled!
[18:54:19] [Server thread/INFO]: [CleanPing] Enabling CleanPing v1.7.1
[18:54:19] [Thread-8/WARN]: [ClearLag] Clearlag failed to check for updates - bukkit may be down
[18:54:19] [Thread-8/WARN]: java.lang.ArrayIndexOutOfBoundsException: Index 3 out of bounds for length 3
[18:54:19] [Thread-8/WARN]: 	at Clearlag.jar//me.minebuilders.clearlag.Util.getBukkitVersion(Util.java:105)
[18:54:19] [Thread-8/WARN]: 	at Clearlag.jar//me.minebuilders.clearlag.BukkitUpdater.updateAvailable(BukkitUpdater.java:32)
[18:54:19] [Thread-8/WARN]: 	at Clearlag.jar//me.minebuilders.clearlag.BukkitUpdater.run(BukkitUpdater.java:82)
[18:54:19] [Thread-8/WARN]: 	at java.base/java.lang.Thread.run(Thread.java:1474)
[18:54:19] [Server thread/INFO]: [CleanPing] 
   ___ _                 ___ _           
  / __| |___ __ _ _ _   | _ (_)_ _  __ _ 
 | (__| / -_) _` | ' \  |  _/ | ' \/ _` |
  \___|_\___\__,_|_||_| |_| |_|_||_\__, |
                                   |___/ 

[18:54:19] [Server thread/INFO]: [CleanPing] Server version: 26.1.2.build.60-stable
[18:54:19] [Server thread/INFO]: [CleanPing] Loading configuration...
[18:54:19] [Server thread/INFO]: [CleanPing] Loading commands...
[18:54:19] [Server thread/INFO]: [CleanPing] Metrics loaded successfully!
[18:54:19] [Server thread/INFO]: [CleanPing] Plugin successfully loaded!
[18:54:19] [Server thread/INFO]: [MemoryLeakFix] Enabling MemoryLeakFix v1.0
[18:54:19] [Server thread/INFO]: MemoryLeakFix plugin enabled!
[18:54:19] [Server thread/INFO]: [Headstones] Enabling Headstones v1.0.0
[18:54:19] [Server thread/INFO]: [spark] Starting background profiler...
[18:54:20] [Server thread/INFO]: Saving chunks for level 'ServerLevel[world]'/minecraft:overworld
[18:54:20] [Server thread/INFO]: Saving chunks for level 'ServerLevel[world]'/minecraft:the_nether
[18:54:20] [Server thread/INFO]: Saving chunks for level 'ServerLevel[world]'/minecraft:the_end
[18:54:20] [Server thread/INFO]: ThreadedAnvilChunkStorage (world): All chunks are saved
[18:54:20] [Server thread/INFO]: ThreadedAnvilChunkStorage (DIM-1): All chunks are saved
[18:54:20] [Server thread/INFO]: ThreadedAnvilChunkStorage (DIM1): All chunks are saved
[18:54:20] [Server thread/INFO]: ThreadedAnvilChunkStorage: All dimensions are saved
[18:54:20] [Server thread/INFO]: Running delayed init tasks
[18:54:20] [Server thread/INFO]: Done (13.475s)! For help, type "help"
[18:54:20] [Craft Scheduler Thread - 1 - MemoryLeakFix/INFO]: [MemoryLeakFix] §eUsed Memory: §f430§e MB
[18:54:20] [Craft Scheduler Thread - 1 - MemoryLeakFix/INFO]: [MemoryLeakFix] §eMax Memory: §f12288§e MB
[18:54:20] [Craft Scheduler Thread - 1 - MemoryLeakFix/INFO]: [MemoryLeakFix] §eCPU Load: §f1.38916015625
[18:54:20] [Craft Scheduler Thread - 1 - MemoryLeakFix/WARN]: [MemoryLeakFix] §cCPU Load is high: 138.916015625%
[18:54:20] [Craft Scheduler Thread - 2 - ViaVersion/INFO]: [ViaVersion] Finished mapping loading, shutting down loader executor.
[18:54:20] [Paper Async Task Handler Thread - 1/WARN]: *** You are running an outdated version of Minecraft, which is 2 release(s) and 14 build(s) behind!
[18:54:20] [Paper Async Task Handler Thread - 1/WARN]: *** Please update to the latest stable version on https://papermc.io/downloads/paper ***
[18:55:19] [Craft Scheduler Thread - 4 - MemoryLeakFix/INFO]: [MemoryLeakFix] §eUsed Memory: §f518§e MB
[18:55:19] [Craft Scheduler Thread - 4 - MemoryLeakFix/INFO]: [MemoryLeakFix] §eMax Memory: §f12288§e MB
[18:55:19] [Craft Scheduler Thread - 4 - MemoryLeakFix/INFO]: [MemoryLeakFix] §eCPU Load: §f0.8154296875
[18:55:19] [Craft Scheduler Thread - 4 - MemoryLeakFix/INFO]: [MemoryLeakFix] §cRAM usage exceeded threshold! Invoking Garbage Collector...
[18:55:19] [Craft Scheduler Thread - 4 - MemoryLeakFix/WARN]: [MemoryLeakFix] §cCPU Load is high: 81.54296875%
[18:56:19] [Craft Scheduler Thread - 5 - MemoryLeakFix/INFO]: [MemoryLeakFix] §eUsed Memory: §f550§e MB
[18:56:19] [Craft Scheduler Thread - 5 - MemoryLeakFix/INFO]: [MemoryLeakFix] §eMax Memory: §f12288§e MB
[18:56:19] [Craft Scheduler Thread - 5 - MemoryLeakFix/INFO]: [MemoryLeakFix] §eCPU Load: §f0.34228515625
[18:56:19] [Craft Scheduler Thread - 5 - MemoryLeakFix/INFO]: [MemoryLeakFix] §cRAM usage exceeded threshold! Invoking Garbage Collector...
[18:57:19] [Craft Scheduler Thread - 6 - MemoryLeakFix/INFO]: [MemoryLeakFix] §eUsed Memory: §f574§e MB
[18:57:19] [Craft Scheduler Thread - 6 - MemoryLeakFix/INFO]: [MemoryLeakFix] §eMax Memory: §f12288§e MB
[18:57:19] [Craft Scheduler Thread - 6 - MemoryLeakFix/INFO]: [MemoryLeakFix] §eCPU Load: §f0.310546875
[18:57:19] [Craft Scheduler Thread - 6 - MemoryLeakFix/INFO]: [MemoryLeakFix] §cRAM usage exceeded threshold! Invoking Garbage Collector...
[18:58:19] [Craft Scheduler Thread - 7 - MemoryLeakFix/INFO]: [MemoryLeakFix] §eUsed Memory: §f598§e MB
[18:58:19] [Craft Scheduler Thread - 7 - MemoryLeakFix/INFO]: [MemoryLeakFix] §eMax Memory: §f12288§e MB
[18:58:19] [Craft Scheduler Thread - 7 - MemoryLeakFix/INFO]: [MemoryLeakFix] §eCPU Load: §f0.55126953125
[18:58:19] [Craft Scheduler Thread - 7 - MemoryLeakFix/INFO]: [MemoryLeakFix] §cRAM usage exceeded threshold! Invoking Garbage Collector...
[18:59:19] [Craft Scheduler Thread - 8 - MemoryLeakFix/INFO]: [MemoryLeakFix] §eUsed Memory: §f630§e MB
[18:59:19] [Craft Scheduler Thread - 8 - MemoryLeakFix/INFO]: [MemoryLeakFix] §eMax Memory: §f12288§e MB
[18:59:19] [Craft Scheduler Thread - 8 - MemoryLeakFix/INFO]: [MemoryLeakFix] §eCPU Load: §f0.328125
[18:59:19] [Craft Scheduler Thread - 8 - MemoryLeakFix/INFO]: [MemoryLeakFix] §cRAM usage exceeded threshold! Invoking Garbage Collector...
[19:00:19] [Craft Scheduler Thread - 9 - MemoryLeakFix/INFO]: [MemoryLeakFix] §eUsed Memory: §f654§e MB
[19:00:19] [Craft Scheduler Thread - 9 - MemoryLeakFix/INFO]: [MemoryLeakFix] §eMax Memory: §f12288§e MB
[19:00:19] [Craft Scheduler Thread - 9 - MemoryLeakFix/INFO]: [MemoryLeakFix] §eCPU Load: §f0.21337890625
[19:00:19] [Craft Scheduler Thread - 9 - MemoryLeakFix/INFO]: [MemoryLeakFix] §cRAM usage exceeded threshold! Invoking Garbage Collector...
[19:01:19] [Craft Scheduler Thread - 10 - MemoryLeakFix/INFO]: [MemoryLeakFix] §eUsed Memory: §f686§e MB
[19:01:19] [Craft Scheduler Thread - 10 - MemoryLeakFix/INFO]: [MemoryLeakFix] §eMax Memory: §f12288§e MB
[19:01:19] [Craft Scheduler Thread - 10 - MemoryLeakFix/INFO]: [MemoryLeakFix] §eCPU Load: §f0.1845703125
[19:01:19] [Craft Scheduler Thread - 10 - MemoryLeakFix/INFO]: [MemoryLeakFix] §cRAM usage exceeded threshold! Invoking Garbage Collector...
[19:02:19] [Craft Scheduler Thread - 11 - MemoryLeakFix/INFO]: [MemoryLeakFix] §eUsed Memory: §f710§e MB
[19:02:19] [Craft Scheduler Thread - 11 - MemoryLeakFix/INFO]: [MemoryLeakFix] §eMax Memory: §f12288§e MB
[19:02:19] [Craft Scheduler Thread - 11 - MemoryLeakFix/INFO]: [MemoryLeakFix] §eCPU Load: §f0.123046875
[19:02:19] [Craft Scheduler Thread - 11 - MemoryLeakFix/INFO]: [MemoryLeakFix] §cRAM usage exceeded threshold! Invoking Garbage Collector...
[19:03:19] [Craft Scheduler Thread - 12 - MemoryLeakFix/INFO]: [MemoryLeakFix] §eUsed Memory: §f734§e MB
[19:03:19] [Craft Scheduler Thread - 12 - MemoryLeakFix/INFO]: [MemoryLeakFix] §eMax Memory: §f12288§e MB
[19:03:19] [Craft Scheduler Thread - 12 - MemoryLeakFix/INFO]: [MemoryLeakFix] §eCPU Load: §f0.97265625
[19:03:19] [Craft Scheduler Thread - 12 - MemoryLeakFix/INFO]: [MemoryLeakFix] §cRAM usage exceeded threshold! Invoking Garbage Collector...
[19:03:19] [Craft Scheduler Thread - 12 - MemoryLeakFix/WARN]: [MemoryLeakFix] §cCPU Load is high: 97.265625%
[19:04:19] [Craft Scheduler Thread - 13 - MemoryLeakFix/INFO]: [MemoryLeakFix] §eUsed Memory: §f766§e MB
[19:04:19] [Craft Scheduler Thread - 13 - MemoryLeakFix/INFO]: [MemoryLeakFix] §eMax Memory: §f12288§e MB
[19:04:19] [Craft Scheduler Thread - 13 - MemoryLeakFix/INFO]: [MemoryLeakFix] §eCPU Load: §f1.58642578125
[19:04:19] [Craft Scheduler Thread - 13 - MemoryLeakFix/INFO]: [MemoryLeakFix] §cRAM usage exceeded threshold! Invoking Garbage Collector...
[19:04:19] [Craft Scheduler Thread - 13 - MemoryLeakFix/WARN]: [MemoryLeakFix] §cCPU Load is high: 158.642578125%
[19:05:19] [Craft Scheduler Thread - 14 - MemoryLeakFix/INFO]: [MemoryLeakFix] §eUsed Memory: §f790§e MB
[19:05:19] [Craft Scheduler Thread - 14 - MemoryLeakFix/INFO]: [MemoryLeakFix] §eMax Memory: §f12288§e MB
[19:05:19] [Craft Scheduler Thread - 14 - MemoryLeakFix/INFO]: [MemoryLeakFix] §eCPU Load: §f0.85400390625
[19:05:19] [Craft Scheduler Thread - 14 - MemoryLeakFix/INFO]: [MemoryLeakFix] §cRAM usage exceeded threshold! Invoking Garbage Collector...
[19:05:19] [Craft Scheduler Thread - 14 - MemoryLeakFix/WARN]: [MemoryLeakFix] §cCPU Load is high: 85.400390625%
[19:06:19] [Craft Scheduler Thread - 15 - MemoryLeakFix/INFO]: [MemoryLeakFix] §eUsed Memory: §f255§e MB
[19:06:19] [Craft Scheduler Thread - 15 - MemoryLeakFix/INFO]: [MemoryLeakFix] §eMax Memory: §f12288§e MB
[19:06:19] [Craft Scheduler Thread - 15 - MemoryLeakFix/INFO]: [MemoryLeakFix] §eCPU Load: §f0.4482421875
[19:07:19] [Craft Scheduler Thread - 16 - MemoryLeakFix/INFO]: [MemoryLeakFix] §eUsed Memory: §f279§e MB
[19:07:19] [Craft Scheduler Thread - 16 - MemoryLeakFix/INFO]: [MemoryLeakFix] §eMax Memory: §f12288§e MB
[19:07:19] [Craft Scheduler Thread - 16 - MemoryLeakFix/INFO]: [MemoryLeakFix] §eCPU Load: §f0.34033203125
[19:08:19] [Craft Scheduler Thread - 17 - MemoryLeakFix/INFO]: [MemoryLeakFix] §eUsed Memory: §f303§e MB
[19:08:19] [Craft Scheduler Thread - 17 - MemoryLeakFix/INFO]: [MemoryLeakFix] §eMax Memory: §f12288§e MB
[19:08:19] [Craft Scheduler Thread - 17 - MemoryLeakFix/INFO]: [MemoryLeakFix] §eCPU Load: §f0.123046875
[19:09:19] [Craft Scheduler Thread - 18 - MemoryLeakFix/INFO]: [MemoryLeakFix] §eUsed Memory: §f335§e MB
[19:09:19] [Craft Scheduler Thread - 18 - MemoryLeakFix/INFO]: [MemoryLeakFix] §eMax Memory: §f12288§e MB
[19:09:19] [Craft Scheduler Thread - 18 - MemoryLeakFix/INFO]: [MemoryLeakFix] §eCPU Load: §f0.22216796875
[19:10:19] [Craft Scheduler Thread - 19 - MemoryLeakFix/INFO]: [MemoryLeakFix] §eUsed Memory: §f359§e MB
[19:10:19] [Craft Scheduler Thread - 19 - MemoryLeakFix/INFO]: [MemoryLeakFix] §eMax Memory: §f12288§e MB
[19:10:19] [Craft Scheduler Thread - 19 - MemoryLeakFix/INFO]: [MemoryLeakFix] §eCPU Load: §f0.1484375
[19:11:19] [Craft Scheduler Thread - 20 - MemoryLeakFix/INFO]: [MemoryLeakFix] §eUsed Memory: §f383§e MB
[19:11:19] [Craft Scheduler Thread - 20 - MemoryLeakFix/INFO]: [MemoryLeakFix] §eMax Memory: §f12288§e MB
[19:11:19] [Craft Scheduler Thread - 20 - MemoryLeakFix/INFO]: [MemoryLeakFix] §eCPU Load: §f0.12646484375
[19:12:19] [Craft Scheduler Thread - 21 - MemoryLeakFix/INFO]: [MemoryLeakFix] §eUsed Memory: §f407§e MB
[19:12:19] [Craft Scheduler Thread - 21 - MemoryLeakFix/INFO]: [MemoryLeakFix] §eMax Memory: §f12288§e MB
[19:12:19] [Craft Scheduler Thread - 21 - MemoryLeakFix/INFO]: [MemoryLeakFix] §eCPU Load: §f0.04443359375
[19:13:19] [Craft Scheduler Thread - 22 - MemoryLeakFix/INFO]: [MemoryLeakFix] §eUsed Memory: §f439§e MB
[19:13:19] [Craft Scheduler Thread - 22 - MemoryLeakFix/INFO]: [MemoryLeakFix] §eMax Memory: §f12288§e MB
[19:13:19] [Craft Scheduler Thread - 22 - MemoryLeakFix/INFO]: [MemoryLeakFix] §eCPU Load: §f0.1455078125
[19:14:19] [Craft Scheduler Thread - 23 - MemoryLeakFix/INFO]: [MemoryLeakFix] §eUsed Memory: §f463§e MB
[19:14:19] [Craft Scheduler Thread - 23 - MemoryLeakFix/INFO]: [MemoryLeakFix] §eMax Memory: §f12288§e MB
[19:14:19] [Craft Scheduler Thread - 23 - MemoryLeakFix/INFO]: [MemoryLeakFix] §eCPU Load: §f0.05126953125
[19:15:19] [Craft Scheduler Thread - 24 - MemoryLeakFix/INFO]: [MemoryLeakFix] §eUsed Memory: §f487§e MB
[19:15:19] [Craft Scheduler Thread - 24 - MemoryLeakFix/INFO]: [MemoryLeakFix] §eMax Memory: §f12288§e MB
[19:15:19] [Craft Scheduler Thread - 24 - MemoryLeakFix/INFO]: [MemoryLeakFix] §eCPU Load: §f0.50830078125
[19:16:19] [Craft Scheduler Thread - 25 - MemoryLeakFix/INFO]: [MemoryLeakFix] §eUsed Memory: §f519§e MB
[19:16:19] [Craft Scheduler Thread - 25 - MemoryLeakFix/INFO]: [MemoryLeakFix] §eMax Memory: §f12288§e MB
[19:16:19] [Craft Scheduler Thread - 25 - MemoryLeakFix/INFO]: [MemoryLeakFix] §eCPU Load: §f0.21728515625
[19:16:19] [Craft Scheduler Thread - 25 - MemoryLeakFix/INFO]: [MemoryLeakFix] §cRAM usage exceeded threshold! Invoking Garbage Collector...
[19:17:19] [Craft Scheduler Thread - 26 - MemoryLeakFix/INFO]: [MemoryLeakFix] §eUsed Memory: §f543§e MB
[19:17:19] [Craft Scheduler Thread - 26 - MemoryLeakFix/INFO]: [MemoryLeakFix] §eMax Memory: §f12288§e MB
[19:17:19] [Craft Scheduler Thread - 26 - MemoryLeakFix/INFO]: [MemoryLeakFix] §eCPU Load: §f0.24365234375
[19:17:19] [Craft Scheduler Thread - 26 - MemoryLeakFix/INFO]: [MemoryLeakFix] §cRAM usage exceeded threshold! Invoking Garbage Collector...
[19:18:19] [Craft Scheduler Thread - 27 - MemoryLeakFix/INFO]: [MemoryLeakFix] §eUsed Memory: §f567§e MB
[19:18:19] [Craft Scheduler Thread - 27 - MemoryLeakFix/INFO]: [MemoryLeakFix] §eMax Memory: §f12288§e MB
[19:18:19] [Craft Scheduler Thread - 27 - MemoryLeakFix/INFO]: [MemoryLeakFix] §eCPU Load: §f0.7939453125
[19:18:19] [Craft Scheduler Thread - 27 - MemoryLeakFix/INFO]: [MemoryLeakFix] §cRAM usage exceeded threshold! Invoking Garbage Collector...
[19:19:19] [Craft Scheduler Thread - 28 - MemoryLeakFix/INFO]: [MemoryLeakFix] §eUsed Memory: §f591§e MB
[19:19:19] [Craft Scheduler Thread - 28 - MemoryLeakFix/INFO]: [MemoryLeakFix] §eMax Memory: §f12288§e MB
[19:19:19] [Craft Scheduler Thread - 28 - MemoryLeakFix/INFO]: [MemoryLeakFix] §eCPU Load: §f0.4990234375
[19:19:19] [Craft Scheduler Thread - 28 - MemoryLeakFix/INFO]: [MemoryLeakFix] §cRAM usage exceeded threshold! Invoking Garbage Collector...
[19:20:19] [Craft Scheduler Thread - 29 - MemoryLeakFix/INFO]: [MemoryLeakFix] §eUsed Memory: §f623§e MB
[19:20:19] [Craft Scheduler Thread - 29 - MemoryLeakFix/INFO]: [MemoryLeakFix] §eMax Memory: §f12288§e MB
[19:20:19] [Craft Scheduler Thread - 29 - MemoryLeakFix/INFO]: [MemoryLeakFix] §eCPU Load: §f0.67578125
[19:20:19] [Craft Scheduler Thread - 29 - MemoryLeakFix/INFO]: [MemoryLeakFix] §cRAM usage exceeded threshold! Invoking Garbage Collector...
[19:21:19] [Craft Scheduler Thread - 30 - MemoryLeakFix/INFO]: [MemoryLeakFix] §eUsed Memory: §f647§e MB
[19:21:19] [Craft Scheduler Thread - 30 - MemoryLeakFix/INFO]: [MemoryLeakFix] §eMax Memory: §f12288§e MB
[19:21:19] [Craft Scheduler Thread - 30 - MemoryLeakFix/INFO]: [MemoryLeakFix] §eCPU Load: §f1.2744140625
[19:21:19] [Craft Scheduler Thread - 30 - MemoryLeakFix/INFO]: [MemoryLeakFix] §cRAM usage exceeded threshold! Invoking Garbage Collector...
[19:21:19] [Craft Scheduler Thread - 30 - MemoryLeakFix/WARN]: [MemoryLeakFix] §cCPU Load is high: 127.44140625%
[19:22:19] [Craft Scheduler Thread - 31 - MemoryLeakFix/INFO]: [MemoryLeakFix] §eUsed Memory: §f671§e MB
[19:22:19] [Craft Scheduler Thread - 31 - MemoryLeakFix/INFO]: [MemoryLeakFix] §eMax Memory: §f12288§e MB
[19:22:19] [Craft Scheduler Thread - 31 - MemoryLeakFix/INFO]: [MemoryLeakFix] §eCPU Load: §f1.90185546875
[19:22:19] [Craft Scheduler Thread - 31 - MemoryLeakFix/INFO]: [MemoryLeakFix] §cRAM usage exceeded threshold! Invoking Garbage Collector...
[19:22:19] [Craft Scheduler Thread - 31 - MemoryLeakFix/WARN]: [MemoryLeakFix] §cCPU Load is high: 190.185546875%
[19:23:19] [Craft Scheduler Thread - 32 - MemoryLeakFix/INFO]: [MemoryLeakFix] §eUsed Memory: §f695§e MB
[19:23:19] [Craft Scheduler Thread - 32 - MemoryLeakFix/INFO]: [MemoryLeakFix] §eMax Memory: §f12288§e MB
[19:23:19] [Craft Scheduler Thread - 32 - MemoryLeakFix/INFO]: [MemoryLeakFix] §eCPU Load: §f1.087890625
[19:23:19] [Craft Scheduler Thread - 32 - MemoryLeakFix/INFO]: [MemoryLeakFix] §cRAM usage exceeded threshold! Invoking Garbage Collector...
[19:23:19] [Craft Scheduler Thread - 32 - MemoryLeakFix/WARN]: [MemoryLeakFix] §cCPU Load is high: 108.7890625%
[19:24:19] [Craft Scheduler Thread - 33 - MemoryLeakFix/INFO]: [MemoryLeakFix] §eUsed Memory: §f719§e MB
[19:24:19] [Craft Scheduler Thread - 33 - MemoryLeakFix/INFO]: [MemoryLeakFix] §eMax Memory: §f12288§e MB
[19:24:19] [Craft Scheduler Thread - 33 - MemoryLeakFix/INFO]: [MemoryLeakFix] §eCPU Load: §f0.5234375
[19:24:19] [Craft Scheduler Thread - 33 - MemoryLeakFix/INFO]: [MemoryLeakFix] §cRAM usage exceeded threshold! Invoking Garbage Collector...
